==============================================================================
test.lua
==============================================================================
 1 local a = 1
 1 local b = 2

 1 local c = 3

==============================================================================
Summary
==============================================================================

File     Hits Missed Coverage
-----------------------------
test.lua 3    0      100.00%
-----------------------------
Total    3    0      100.00%
